d:\dev\projects\payroll_sim\payroll_sim\x64\debug\vc145.pdb
d:\dev\projects\payroll_sim\payroll_sim\x64\debug\vc145.idb
d:\dev\projects\payroll_sim\payroll_sim\x64\debug\program.obj
d:\dev\projects\payroll_sim\payroll_sim\x64\debug\head.obj
d:\dev\projects\payroll_sim\payroll_sim\x64\debug\system_admin.obj
d:\dev\projects\payroll_sim\payroll_sim\x64\debug\search_user.obj
d:\dev\projects\payroll_sim\payroll_sim\x64\debug\system_admin_home_ui.obj
d:\dev\projects\payroll_sim\payroll_sim\x64\debug\system_admin_addcompany_ui.obj
d:\dev\projects\payroll_sim\payroll_sim\x64\debug\setting_ui.obj
d:\dev\projects\payroll_sim\payroll_sim\x64\debug\password_page.obj
d:\dev\projects\payroll_sim\payroll_sim\x64\debug\login_page.obj
d:\dev\projects\payroll_sim\payroll_sim\x64\debug\edit_company_ui.obj
d:\dev\projects\payroll_sim\payroll_sim\x64\debug\delete_emp_page.obj
d:\dev\projects\payroll_sim\payroll_sim\x64\debug\admins.obj
d:\dev\projects\payroll_sim\payroll_sim\x64\debug\add_emp_page.obj
d:\dev\projects\payroll_sim\payroll_sim\x64\debug\employee.obj
d:\dev\projects\payroll_sim\payroll_sim\x64\debug\company.obj
d:\dev\projects\payroll_sim\payroll_sim\x64\debug\appsystem.obj
d:\dev\projects\payroll_sim\x64\debug\payroll_sim.exe
d:\dev\projects\payroll_sim\x64\debug\payroll_sim.pdb
d:\dev\projects\payroll_sim\payroll_sim\x64\debug\payroll_sim.ilk
d:\dev\projects\payroll_sim\payroll_sim\x64\debug\payroll_sim.tlog\cl.command.1.tlog
d:\dev\projects\payroll_sim\payroll_sim\x64\debug\payroll_sim.tlog\cl.items.tlog
d:\dev\projects\payroll_sim\payroll_sim\x64\debug\payroll_sim.tlog\cl.read.1.tlog
d:\dev\projects\payroll_sim\payroll_sim\x64\debug\payroll_sim.tlog\cl.write.1.tlog
d:\dev\projects\payroll_sim\payroll_sim\x64\debug\payroll_sim.tlog\link.command.1.tlog
d:\dev\projects\payroll_sim\payroll_sim\x64\debug\payroll_sim.tlog\link.read.1.tlog
d:\dev\projects\payroll_sim\payroll_sim\x64\debug\payroll_sim.tlog\link.secondary.1.tlog
d:\dev\projects\payroll_sim\payroll_sim\x64\debug\payroll_sim.tlog\link.write.1.tlog
