  Head.cpp
  Appsystem.cpp
D:\Dev\Projects\Payroll_sim\Payroll_sim\classes\Appsystem.cpp(253,23): warning C4244: 'argument': conversion from 'double' to 'float', possible loss of data
  company.cpp
D:\Dev\Projects\Payroll_sim\Payroll_sim\classes\company.cpp(46,37): warning C4244: '+=': conversion from 'double' to 'int', possible loss of data
  employee.cpp
D:\Dev\Projects\Payroll_sim\Payroll_sim\classes\employee.cpp(30,21): warning C4244: '=': conversion from 'double' to 'float', possible loss of data
D:\Dev\Projects\Payroll_sim\Payroll_sim\classes\employee.cpp(41,59): warning C4244: 'return': conversion from 'double' to 'float', possible loss of data
  add_emp_page.cpp
  admins.cpp
  delete_emp_page.cpp
  edit_company_ui.cpp
D:\Dev\Projects\Payroll_sim\Payroll_sim\pages.cpp\edit_company_ui.cpp(966,117): warning C4244: 'argument': conversion from 'double' to 'float', possible loss of data
  login_page.cpp
  password_page.cpp
  setting_ui.cpp
  staff_page.cpp
D:\Dev\Projects\Payroll_sim\Payroll_sim\pages.cpp\staff_page.cpp(156,66): warning C4244: 'argument': conversion from 'double' to 'float', possible loss of data
D:\Dev\Projects\Payroll_sim\Payroll_sim\pages.cpp\staff_page.cpp(182,30): warning C4244: 'argument': conversion from 'double' to 'float', possible loss of data
D:\Dev\Projects\Payroll_sim\Payroll_sim\pages.cpp\staff_page.cpp(209,31): warning C4244: 'argument': conversion from 'double' to 'float', possible loss of data
  system_admin.cpp
  system_admin_addcompany_ui.cpp
  system_admin_home_ui.cpp
  program.cpp
  Generating Code...
  Payroll_sim.vcxproj -> D:\Dev\Projects\Payroll_sim\x64\Debug\Payroll_sim.exe
